Installation on Ubuntu 15.04
----------------------------

sudo apt-get install postgresql postgresql-contrib postgis postgresql-9.4-postgis-2.1 pgadmin3


Set up config files
-------------------

* To improve performance edit

    /etc/postgresql/9.4/main/postgresql.conf
    (for MacOS with Homebrew: /usr/local/var/postgres/postgresql.conf)
    
and change

    shared_buffers = 128MB

to approx. 25% of the machine's memory.


* To get password-based login on local machine edit

    /etc/postgresql/9.4/main/pg_hba.conf

and change

    local   all             all                                     peer

to

    local   all             all                                     md5
    host    geektalent      geektalent     0.0.0.0/0                md5


* To allow remote access edit

    /etc/postgresql/9.4/main/postgresql.conf

and change

    #listen_addresses = 'localhost'

to

    listen_addresses = '*'

Then do

    $ sudo service postgresql restart

Try logging in with

    $ psql -h <host_ip> -d mydatabase -U geektalent -W


Set up user and database
------------------------

$ sudo su -
# sudo -u postgres createuser -P -s -e geektalent
# sudo -u postgres createdb -T template0 --encoding=UTF-8 --locale=en_US.UTF-8 mydatabase
# sudo -u postgres psql -d mydatabase -c "CREATE EXTENSION postgis;"
# sudo -u postgres psql -d mydatabase -c "CREATE EXTENSION postgis_topology;"

Ta2tqaltuaatri42

# sudo -u postgres psql -c "grant all privileges on database mydatabase to geektalent;"
# exit


Creating and restoring dumps
----------------------------

Create dump:

$ sudo su -
# sudo -u postgres pg_dump mydatabase > filename.sql
# exit

Restore from dump:
(mydatabase must exist and be empty)

$ sudo su -
# sudo -u postgres psql mydatabase < filename.sql
# exit

Dump table:

$ sudo su -
# sudo -u postgres pg_dump --table mytable mydatabase > filename.sql
# exit

Restore table:
(mytable should not exist in mydatabase)

$ sudo su -
# sudo -u postgres psql mydatabase < filename.sql
# exit


Moving the data directory
-------------------------

$ sudo su -
# service postgresql stop
# cd /var/lib/postgreql/9.4
# cp -aRv main <new-directory>
# mv main main.bak
# ln -s <new-directory>/main main
# chown -h postgres:postgres main
# service postgresql start
# exit


Problems when shutting down the service
---------------------------------------

If you encounter the error message

"Insecure directory in $ENV{PATH} while running with -T switch at
  /usr/bin/pg_ctlcluster line 277."

when shutting down the posgresql service (sudo service postgresql stop) make
sure that /usr/local/bin, /usr/bin, and /bin have permissions rwxr-xr-x.
